{
    "-profile test": {
        "content": [
            0,
            null,
            [
                "pipeline_info"
            ],
            [
                
            ]
        ],
        "meta": {
            "nf-test": "0.9.2",
            "nextflow": "25.04.6"
        },
        "timestamp": "2025-09-11T11:19:21.288573049"
    }
}