{
    "-profile test": {
        "content": [
            71,
            {
                "AGAT_SPSTATISTICS": {
                    "agat": "v1.4.1"
                },
                "AGAT_SQSTATBASIC": {
                    "agat": "v1.4.1"
                },
                "ANCESTRAL_EXTRACT": {
                    "python": "Python 3.12.11",
                    "buscopainter.py": 1.1
                },
                "ANCESTRAL_PLOT": {
                    "R": "4.1.3",
                    "plot_buscopainter.R": null
                },
                "BEDTOOLS_BAMTOBED": {
                    "bedtools": "2.31.1"
                },
                "BLOBTK_PLOT": {
                    "blobtk": "0.7.1"
                },
                "BUSCO": {
                    "busco": "6.0.0"
                },
                "BUSCOPROTEINS": {
                    "busco": "6.0.0"
                },
                "COMBINE_METADATA": {
                    "combine_parsed_data.py": 1.0
                },
                "COMBINE_STATISTICS_AND_METADATA": {
                    "combine_statistics_data.py": 1.0
                },
                "CREATETABLE": {
                    "create_table.py": 3.1
                },
                "EXTRACT_ANNOTATION_STATISTICS_INFO": {
                    "python": "3.9.5"
                },
                "FASTK_FASTK": {
                    "fastk": 1.2
                },
                "FASTK_HISTEX": {
                    "fastk": 1.2
                },
                "FETCH_ENSEMBL_METADATA": {
                    "fetch_ensembl_metadata.py": 1.0
                },
                "FETCH_GBIF_METADATA": {
                    "python": "3.10.0",
                    "requests": "2.26.0"
                },
                "GET_CHROMLIST": {
                    "bash": "4.2.25(1)-release"
                },
                "GFASTATS": {
                    "gfastats": "1.3.10"
                },
                "GFFREAD": {
                    "gffread": "0.12.7"
                },
                "GUNZIP": {
                    "gunzip": 1.13
                },
                "GUNZIP_HAPLOTYPE": {
                    "gunzip": 1.13
                },
                "GUNZIP_PRIMARY": {
                    "gunzip": 1.13
                },
                "MERQURYFK_MERQURYFK": {
                    "R": "4.2.3",
                    "fastk": 1.2,
                    "merquryfk": 1.2
                },
                "NCBI_GET_ODB": {
                    "get_odb.py": 1.2
                },
                "PARAMS_CHECK": {
                    "python": "3.10.0"
                },
                "PARSE_METADATA": {
                    "python": "3.9.5"
                },
                "POPULATE_TEMPLATE": {
                    "populate_genome_note_template.py": 1.1
                },
                "RESTRUCTUREBUSCODIR": {
                    "tar": "tar)"
                },
                "RUN_WGET": {
                    "wget": 1.18
                },
                "SAMTOOLS_FAIDX": {
                    "samtools": 1.21
                },
                "SAMTOOLS_VIEW": {
                    "samtools": 1.21
                },
                "SUMMARYGENOME": {
                    "ncbi-datasets-cli": "16.22.1"
                },
                "SUMMARYSEQUENCE": {
                    "ncbi-datasets-cli": "16.22.1"
                },
                "Workflow": {
                    "sanger-tol/genomenote": "v2.2.0"
                }
            },
            [
                "ancestral_plots",
                "ancestral_plots/GCA_963859965.1_buscopainter_complete_location.tsv_buscopainter.pdf",
                "ancestral_plots/GCA_963859965.1_buscopainter_complete_location.tsv_buscopainter.png",
                "blobtoolkit_plots",
                "blobtoolkit_plots/GCA_963859965.1_GCA_963859965.1_BLOB_CHR_VIEW.png",
                "blobtoolkit_plots/GCA_963859965.1_GCA_963859965.1_BLOB_VIEW.png",
                "blobtoolkit_plots/GCA_963859965.1_GCA_963859965.1_GRID_CHR_VIEW.png",
                "blobtoolkit_plots/GCA_963859965.1_GCA_963859965.1_GRID_VIEW.png",
                "busco",
                "busco/lepidoptera_odb12",
                "busco/lepidoptera_odb12/fragmented_busco_sequences.tar.gz",
                "busco/lepidoptera_odb12/full_table.tsv",
                "busco/lepidoptera_odb12/hmmer_output.tar.gz",
                "busco/lepidoptera_odb12/missing_busco_list.tsv",
                "busco/lepidoptera_odb12/multi_copy_busco_sequences.tar.gz",
                "busco/lepidoptera_odb12/short_summary.json",
                "busco/lepidoptera_odb12/short_summary.tsv",
                "busco/lepidoptera_odb12/short_summary.txt",
                "busco/lepidoptera_odb12/single_copy_busco_sequences.tar.gz",
                "contact_maps",
                "contact_maps/higlass",
                "contact_maps/higlass/GCA_963859965.1_ilCerPisi1.bedpe",
                "contact_maps/higlass/GCA_963859965.1_ilCerPisi1.cool",
                "contact_maps/higlass/GCA_963859965.1_ilCerPisi1.mcool",
                "contact_maps/pretext",
                "contact_maps/pretext/GCA_963859965.1_ilCerPisi1_standardFullMap.png",
                "contact_maps/pretext/GCA_963859965.1_ilCerPisi1_standard_pi.pretext",
                "gene",
                "gene/Ceramica_pisi-GCA_963859965.1-2024_04-genes.gff3.stats.csv",
                "genome_note",
                "genome_note/GCA_963859965.1.csv",
                "genome_note/GCA_963859965.1.docx",
                "genome_note/GCA_963859965.1_genome_note_consistent.csv",
                "genome_note/GCA_963859965.1_genome_note_inconsistent.csv",
                "genome_stats",
                "genome_stats/GCA_963859965.1.assembly_summary",
                "genome_stats/ilCerPisi1.GCA_963859965.1.qv",
                "genome_stats/ilCerPisi1.GCA_963859965.1.spectra-cn.fl.png",
                "genome_stats/ilCerPisi1.GCA_963859965.1.spectra-cn.ln.png",
                "genome_stats/ilCerPisi1.GCA_963859965.1.spectra-cn.st.png",
                "genome_stats/ilCerPisi1.GCA_963859965.1_only.bed",
                "genome_stats/ilCerPisi1.GCA_963859975.1_alt.qv",
                "genome_stats/ilCerPisi1.GCA_963859975.1_alt.spectra-cn.fl.png",
                "genome_stats/ilCerPisi1.GCA_963859975.1_alt.spectra-cn.ln.png",
                "genome_stats/ilCerPisi1.GCA_963859975.1_alt.spectra-cn.st.png",
                "genome_stats/ilCerPisi1.GCA_963859975.1_alt_only.bed",
                "genome_stats/ilCerPisi1.completeness.stats",
                "genome_stats/ilCerPisi1.qv",
                "genome_stats/ilCerPisi1.spectra-asm.fl.png",
                "genome_stats/ilCerPisi1.spectra-asm.ln.png",
                "genome_stats/ilCerPisi1.spectra-asm.st.png",
                "genome_stats/ilCerPisi1.spectra-cn.fl.png",
                "genome_stats/ilCerPisi1.spectra-cn.ln.png",
                "genome_stats/ilCerPisi1.spectra-cn.st.png",
                "genomescope",
                "genomescope/ilCerPisi1_linear_plot.png",
                "genomescope/ilCerPisi1_log_plot.png",
                "genomescope/ilCerPisi1_model.txt",
                "genomescope/ilCerPisi1_summary.txt",
                "genomescope/ilCerPisi1_transformed_linear_plot.png",
                "genomescope/ilCerPisi1_transformed_log_plot.png",
                "multiqc",
                "multiqc/multiqc_data",
                "multiqc/multiqc_data/busco_plot_lepidoptera_odb12.txt",
                "multiqc/multiqc_data/llms-full.txt",
                "multiqc/multiqc_data/multiqc.log",
                "multiqc/multiqc_data/multiqc.parquet",
                "multiqc/multiqc_data/multiqc_busco.txt",
                "multiqc/multiqc_data/multiqc_citations.txt",
                "multiqc/multiqc_data/multiqc_data.json",
                "multiqc/multiqc_data/multiqc_general_stats.txt",
                "multiqc/multiqc_data/multiqc_samtools_flagstat.txt",
                "multiqc/multiqc_data/multiqc_software_versions.txt",
                "multiqc/multiqc_data/multiqc_sources.txt",
                "multiqc/multiqc_data/samtools-flagstat-pct-table.txt",
                "multiqc/multiqc_data/samtools-flagstat-table.txt",
                "multiqc/multiqc_plots",
                "multiqc/multiqc_plots/pdf",
                "multiqc/multiqc_plots/pdf/busco_plot_lepidoptera_odb12-cnt.pdf",
                "multiqc/multiqc_plots/pdf/busco_plot_lepidoptera_odb12-pct.pdf",
                "multiqc/multiqc_plots/pdf/samtools-flagstat-pct-table.pdf",
                "multiqc/multiqc_plots/pdf/samtools-flagstat-table.pdf",
                "multiqc/multiqc_plots/png",
                "multiqc/multiqc_plots/png/busco_plot_lepidoptera_odb12-cnt.png",
                "multiqc/multiqc_plots/png/busco_plot_lepidoptera_odb12-pct.png",
                "multiqc/multiqc_plots/png/samtools-flagstat-pct-table.png",
                "multiqc/multiqc_plots/png/samtools-flagstat-table.png",
                "multiqc/multiqc_plots/svg",
                "multiqc/multiqc_plots/svg/busco_plot_lepidoptera_odb12-cnt.svg",
                "multiqc/multiqc_plots/svg/busco_plot_lepidoptera_odb12-pct.svg",
                "multiqc/multiqc_plots/svg/samtools-flagstat-pct-table.svg",
                "multiqc/multiqc_plots/svg/samtools-flagstat-table.svg",
                "multiqc/multiqc_report.html",
                "pipeline_info",
                "pipeline_info/genomenote_software_mqc_versions.yml"
            ],
            "\tC:66.7%[S:66.7%,D:0.0%],F:0.0%,M:33.3%,n:15\t   ",
            [
                "        \"Complete percentage\": 66.7,",
                "        \"Complete BUSCOs\": 10,",
                "        \"Single copy percentage\": 66.7,",
                "        \"Single copy BUSCOs\": 10,",
                "        \"Multi copy percentage\": 0.0,",
                "        \"Multi copy BUSCOs\": 0,",
                "        \"Fragmented percentage\": 0.0,",
                "        \"Fragmented BUSCOs\": 0,",
                "        \"Missing percentage\": 33.3,",
                "        \"Missing BUSCOs\": 5,",
                "        \"n_markers\": 15,",
                "        \"domain\": \"eukaryota\",",
                "        \"avg_identity\": 0.92,",
                "        \"internal_stop_codon_count\": 0,",
                "        \"internal_stop_codon_percent\": 0,",
                "        \"Number of scaffolds\": \"3\",",
                "        \"Number of contigs\": \"7\",",
                "        \"Total length\": \"58977870\",",
                "        \"Percent gaps\": \"0.001%\",",
                "        \"Scaffold N50\": \"29673206\",",
                "        \"Contigs N50\": \"24534995\"",
                "    },",
                "    \"metrics\": {",
                "        \"Number of scaffolds\": \"3\","
            ],
            [
                "GCA_963859965.1_buscopainter_complete_location.tsv_buscopainter.png:md5,c06a53c746b9e42c7317873ec33dcd70",
                "GCA_963859965.1_GCA_963859965.1_BLOB_CHR_VIEW.png:md5,147e7413247cbb8f52caae9c7b79400b",
                "GCA_963859965.1_GCA_963859965.1_BLOB_VIEW.png:md5,147e7413247cbb8f52caae9c7b79400b",
                "GCA_963859965.1_GCA_963859965.1_GRID_CHR_VIEW.png:md5,1dd41fe93a5644b64817f8ceec461a5f",
                "GCA_963859965.1_GCA_963859965.1_GRID_VIEW.png:md5,1dd41fe93a5644b64817f8ceec461a5f",
                "full_table.tsv:md5,6d8e1467c24c90a0b1a2c4de9a5a45d5",
                "missing_busco_list.tsv:md5,7907b15451b96b0da834f1f48e214ec4",
                "short_summary.tsv:md5,97bf63d6cb79a5255dfd8974aecf406a",
                "GCA_963859965.1_ilCerPisi1.bedpe:md5,ef15e0650aa9f69b86add7af93e0c843",
                "GCA_963859965.1_ilCerPisi1_standardFullMap.png:md5,198a4106e7c896ff378651f9acdc913e",
                "GCA_963859965.1_ilCerPisi1_standard_pi.pretext:md5,ebabd182607b4dd244e394064b048413",
                "Ceramica_pisi-GCA_963859965.1-2024_04-genes.gff3.stats.csv:md5,9f8816513f7aed88109531b10d8ae895",
                "GCA_963859965.1.csv:md5,f814ced78ba0daed3be79782b1932cae",
                "GCA_963859965.1_genome_note_consistent.csv:md5,31c58a42c36bf99a7bec50e0e29ba473",
                "GCA_963859965.1_genome_note_inconsistent.csv:md5,ba336957b84a2b78ae95ca6412bd50c7",
                "GCA_963859965.1.assembly_summary:md5,edd4cdba05800960c0ca80378e1e5e9d",
                "ilCerPisi1.GCA_963859965.1.qv:md5,ad3e830e58f32f9f5d8ce11f415308ac",
                "ilCerPisi1.GCA_963859965.1.spectra-cn.fl.png:md5,f0dfdef58f663967bd219df521ea906b",
                "ilCerPisi1.GCA_963859965.1.spectra-cn.ln.png:md5,14657df0708d69f0a980721f70726395",
                "ilCerPisi1.GCA_963859965.1.spectra-cn.st.png:md5,44226b45e86cfa0f4704e771eaf7e99d",
                "ilCerPisi1.GCA_963859965.1_only.bed:md5,d41d8cd98f00b204e9800998ecf8427e",
                "ilCerPisi1.GCA_963859975.1_alt.qv:md5,4f3038bdb846556dbf8fcdac15759c61",
                "ilCerPisi1.GCA_963859975.1_alt.spectra-cn.fl.png:md5,1f9eb9f1f0a90eee5d5c3996a307d1e8",
                "ilCerPisi1.GCA_963859975.1_alt.spectra-cn.ln.png:md5,ee2e3c683f3d80cc7934b8194efa16a0",
                "ilCerPisi1.GCA_963859975.1_alt.spectra-cn.st.png:md5,646311368d550f135eec7e2c02d8b541",
                "ilCerPisi1.GCA_963859975.1_alt_only.bed:md5,d41d8cd98f00b204e9800998ecf8427e",
                "ilCerPisi1.completeness.stats:md5,ccd344c35d7506f16c72934ac1c73518",
                "ilCerPisi1.qv:md5,529d41cc6ae7a43753f5a1091fe7bb87",
                "ilCerPisi1.spectra-asm.fl.png:md5,fc20f31d8470c00282c2a86eb754df36",
                "ilCerPisi1.spectra-asm.ln.png:md5,0274d6573e912c4b463b4ccc39627a8e",
                "ilCerPisi1.spectra-asm.st.png:md5,72124021e98c52f83309233427ffa593",
                "ilCerPisi1.spectra-cn.fl.png:md5,7f8f962cf936916eb115fe840e978d67",
                "ilCerPisi1.spectra-cn.ln.png:md5,a34e44fb25ca75399d7b748d61a8247f",
                "ilCerPisi1.spectra-cn.st.png:md5,2b25086b5f4aeecd2fcd9a1d10853ef2",
                "ilCerPisi1_linear_plot.png:md5,e0977c490b773d62f1dfa1553404275b",
                "ilCerPisi1_log_plot.png:md5,7958e0f85d8096c492278e4fb97393a2",
                "ilCerPisi1_model.txt:md5,b6e4f0aee658f57cca11728b2587dbb8",
                "ilCerPisi1_summary.txt:md5,ba021ee7a07f3dda4cc2bcd018a91cfb",
                "ilCerPisi1_transformed_linear_plot.png:md5,92f3983b46dc5e5d9ece40425d36e237",
                "ilCerPisi1_transformed_log_plot.png:md5,1743bbc666b633b5cf6cc31fb0e7ef0a"
            ]
        ],
        "timestamp": "2026-05-01T01:04:38.592572",
        "meta": {
            "nf-test": "0.9.5",
            "nextflow": "25.04.2"
        }
    }
}