{
    "-profile test": {
        "content": [
            70,
            {
                "AGAT_SPSTATISTICS": {
                    "agat": "v1.4.1"
                },
                "AGAT_SQSTATBASIC": {
                    "agat": "v1.4.1"
                },
                "ANCESTRAL_EXTRACT": {
                    "python": "Python 3.12.11",
                    "buscopainter.py": 1.1
                },
                "ANCESTRAL_PLOT": {
                    "R": "4.1.3",
                    "plot_buscopainter.R": null
                },
                "BEDTOOLS_BAMTOBED": {
                    "bedtools": "2.31.1"
                },
                "BLOBTK_PLOT": {
                    "blobtk": "0.7.1"
                },
                "BUSCO": {
                    "busco": "5.7.1"
                },
                "BUSCOPROTEINS": {
                    "busco": "5.7.1"
                },
                "COMBINE_METADATA": {
                    "combine_parsed_data.py": 1.0
                },
                "COMBINE_STATISTICS_AND_METADATA": {
                    "combine_statistics_data.py": 1.0
                },
                "CREATETABLE": {
                    "create_table.py": 3.1
                },
                "EXTRACT_ANNOTATION_STATISTICS_INFO": {
                    "python": "3.9.5"
                },
                "FASTK_FASTK": {
                    "fastk": "666652151335353eef2fcd58880bcef5bc2928e1"
                },
                "FASTK_HISTEX": {
                    "fastk": 1.1
                },
                "FETCH_ENSEMBL_METADATA": {
                    "fetch_ensembl_metadata.py": 1.0
                },
                "FETCH_GBIF_METADATA": {
                    "python": "3.10.0",
                    "requests": "2.26.0"
                },
                "GENESCOPEFK": {
                    "genescope": "380815c420f50171f9234a0fd1ff426b39829b91",
                    "r": "4.2.0"
                },
                "GET_CHROMLIST": {
                    "bash": "4.2.25(1)-release"
                },
                "GFASTATS": {
                    "gfastats": "1.3.10"
                },
                "GFFREAD": {
                    "gffread": "0.12.7"
                },
                "GUNZIP": {
                    "gunzip": 1.1
                },
                "GUNZIP_HAPLOTYPE": {
                    "gunzip": 1.1
                },
                "GUNZIP_PRIMARY": {
                    "gunzip": 1.1
                },
                "MERQURYFK_MERQURYFK": {
                    "fastk": "38b07c2e8eba37f66311faf99b598643492bbf51",
                    "merquryfk": "4578fc778098859d78cab5e4b78b27b9a9dd10a4",
                    "r": "4.4.3"
                },
                "NCBI_GET_ODB": {
                    "get_odb.py": 1.1
                },
                "PARAMS_CHECK": {
                    "python": "3.10.0"
                },
                "PARSE_METADATA": {
                    "python": "3.9.5"
                },
                "POPULATE_TEMPLATE": {
                    "populate_genome_note_template.py": 1.1
                },
                "RESTRUCTUREBUSCODIR": {
                    "tar": "tar)"
                },
                "RUN_WGET": {
                    "wget": 1.18
                },
                "SAMTOOLS_FAIDX": {
                    "samtools": 1.21
                },
                "SAMTOOLS_VIEW": {
                    "samtools": 1.21
                },
                "SUMMARYGENOME": {
                    "ncbi-datasets-cli": "16.22.1"
                },
                "SUMMARYSEQUENCE": {
                    "ncbi-datasets-cli": "16.22.1"
                },
                "Workflow": {
                    "sanger-tol/genomenote": "v2.2.0"
                }
            },
            [
                "ancestral_plots/GCA_963859965.1_buscopainter_complete_location.tsv_buscopainter.pdf",
                "busco/lepidoptera_odb10/fragmented_busco_sequences.tar.gz",
                "busco/lepidoptera_odb10/hmmer_output.tar.gz",
                "busco/lepidoptera_odb10/multi_copy_busco_sequences.tar.gz",
                "busco/lepidoptera_odb10/short_summary.json",
                "busco/lepidoptera_odb10/short_summary.txt",
                "busco/lepidoptera_odb10/single_copy_busco_sequences.tar.gz",
                "contact_maps/higlass/GCA_963859965.1_ilCerPisi1.cool",
                "contact_maps/higlass/GCA_963859965.1_ilCerPisi1.mcool",
                "gene/Ceramica_pisi-GCA_963859965.1-2024_04-genes.gff3.stats.csv",
                "genome_note/GCA_963859965.1.docx",
                "genome_note/GCA_963859965.1_genome_note_consistent.csv",
                "genomescope/ilCerPisi1_linear_plot.png",
                "genomescope/ilCerPisi1_log_plot.png",
                "genomescope/ilCerPisi1_transformed_linear_plot.png",
                "genomescope/ilCerPisi1_transformed_log_plot.png",
                "multiqc/multiqc_report.html"
            ],
            [
                "ilCerPisi1_model.txt:md5,917efcc7f332a39517778ff51c286822",
                "ilCerPisi1_summary.txt:md5,e6fb307b12144b88c8a22d44f51dea5f"
            ],
            [
                "GCA_963859965.1.assembly_summary:md5,edd4cdba05800960c0ca80378e1e5e9d",
                "ilCerPisi1.GCA_963859965.1.qv:md5,ad3e830e58f32f9f5d8ce11f415308ac",
                "ilCerPisi1.GCA_963859965.1.spectra-cn.fl.png:md5,3a213ba8161ed4903f7fab55a8c6eba9",
                "ilCerPisi1.GCA_963859965.1.spectra-cn.ln.png:md5,f56781792dc13032f3e318d8a5e53b6c",
                "ilCerPisi1.GCA_963859965.1.spectra-cn.st.png:md5,a530049903a8458ef4763bc670ed7d39",
                "ilCerPisi1.GCA_963859965.1_only.bed:md5,d41d8cd98f00b204e9800998ecf8427e",
                "ilCerPisi1.GCA_963859975.1_alt.qv:md5,4f3038bdb846556dbf8fcdac15759c61",
                "ilCerPisi1.GCA_963859975.1_alt.spectra-cn.fl.png:md5,b0f304fe5694aa5a55e21da597cb3b40",
                "ilCerPisi1.GCA_963859975.1_alt.spectra-cn.ln.png:md5,add9b94fcb382170a02b356ed4dbecb2",
                "ilCerPisi1.GCA_963859975.1_alt.spectra-cn.st.png:md5,53886cb6c4ef04d9923fb2c14b57d1d5",
                "ilCerPisi1.GCA_963859975.1_alt_only.bed:md5,d41d8cd98f00b204e9800998ecf8427e",
                "ilCerPisi1.completeness.stats:md5,5ec969465d9fae5232d65ef3b45dfdd8",
                "ilCerPisi1.qv:md5,529d41cc6ae7a43753f5a1091fe7bb87",
                "ilCerPisi1.spectra-asm.fl.png:md5,78c918f0b5f04f15e063ed6da885bb9f",
                "ilCerPisi1.spectra-asm.ln.png:md5,364faa38da5e933b9d85146358132e2c",
                "ilCerPisi1.spectra-asm.st.png:md5,6a379d02c579745f46d414c3effde834"
            ],
            [
                "GCA_963859965.1_genome_note_inconsistent.csv:md5,ba336957b84a2b78ae95ca6412bd50c7"
            ],
            [
                "GCA_963859965.1.csv:md5,46d7c6e77673dd44e0fb7b82c0ac92d8"
            ],
            [
                "GCA_963859965.1_ilCerPisi1_standardFullMap.png:md5,198a4106e7c896ff378651f9acdc913e",
                "GCA_963859965.1_ilCerPisi1_standard_pi.pretext:md5,ebabd182607b4dd244e394064b048413"
            ],
            [
                "GCA_963859965.1_ilCerPisi1.bedpe:md5,ef15e0650aa9f69b86add7af93e0c843"
            ],
            [
                "full_table.tsv:md5,fce75ec52ae1439468687be3f2d33d76",
                "missing_busco_list.tsv:md5,80efd306c1bd3828d5e30569da741de5",
                "short_summary.tsv:md5,75e84aec981d4e24d2a294a259669014"
            ],
            [
                "GCA_963859965.1_GCA_963859965.1_BLOB_CHR_VIEW.png:md5,3acd989e799266386ece265c1214c9f9",
                "GCA_963859965.1_GCA_963859965.1_BLOB_VIEW.png:md5,3acd989e799266386ece265c1214c9f9",
                "GCA_963859965.1_GCA_963859965.1_GRID_CHR_VIEW.png:md5,1dd41fe93a5644b64817f8ceec461a5f",
                "GCA_963859965.1_GCA_963859965.1_GRID_VIEW.png:md5,1dd41fe93a5644b64817f8ceec461a5f"
            ]
        ],
        "meta": {
            "nf-test": "0.9.2",
            "nextflow": "25.04.6"
        },
        "timestamp": "2025-09-17T15:01:33.731877634"
    }
}