{
    "busco dir tar'ed sequences": {
        "content": [
            {
                "0": [
                    [
                        {
                            "id": "test"
                        },
                        [
                            "test.fragmented_busco_sequences.tar.gz:md5,c3ed4b7e86c5025e5197b15a9a4a1050",
                            "test.full_table.tsv:md5,efb53c4a9de7cdac7c0a51d23258a082",
                            "test.missing_busco_list.tsv:md5,b25c10e67a7927f3f6d38b21cf95ef6d",
                            "test.multi_copy_busco_sequences.tar.gz:md5,40ed398cfbe4b60e4eb9ecc6ab3fad5e",
                            "test.short_summary.json:md5,d52b596284a40bcef35f0ceecac18043",
                            "test.short_summary.tsv:md5,3100ec7a29250052134240edec5e13fd",
                            "test.short_summary.txt:md5,66b1cbbccd71f6ea2e7185f16d61d92f",
                            "test.single_copy_busco_sequences.tar.gz:md5,a5d6339ad86da9559116a596f021adad"
                        ]
                    ]
                ],
                "1": [
                    [
                        "RESTRUCTUREBUSCODIR",
                        "restructurebuscodir",
                        "1.0"
                    ]
                ],
                "clean_busco_dir": [
                    [
                        {
                            "id": "test"
                        },
                        [
                            "test.fragmented_busco_sequences.tar.gz:md5,c3ed4b7e86c5025e5197b15a9a4a1050",
                            "test.full_table.tsv:md5,efb53c4a9de7cdac7c0a51d23258a082",
                            "test.missing_busco_list.tsv:md5,b25c10e67a7927f3f6d38b21cf95ef6d",
                            "test.multi_copy_busco_sequences.tar.gz:md5,40ed398cfbe4b60e4eb9ecc6ab3fad5e",
                            "test.short_summary.json:md5,d52b596284a40bcef35f0ceecac18043",
                            "test.short_summary.tsv:md5,3100ec7a29250052134240edec5e13fd",
                            "test.short_summary.txt:md5,66b1cbbccd71f6ea2e7185f16d61d92f",
                            "test.single_copy_busco_sequences.tar.gz:md5,a5d6339ad86da9559116a596f021adad"
                        ]
                    ]
                ],
                "versions_restructurebuscodir": [
                    [
                        "RESTRUCTUREBUSCODIR",
                        "restructurebuscodir",
                        "1.0"
                    ]
                ]
            }
        ],
        "meta": {
            "nf-test": "0.9.3",
            "nextflow": "25.10.2"
        },
        "timestamp": "2026-03-24T23:59:07.495051618"
    },
    "stub": {
        "content": [
            {
                "0": [
                    [
                        {
                            "id": "test"
                        },
                        [
                            "test.fragmented_busco_sequences.tar.gz:md5,1276481102f218c981e0324180bafd9f",
                            "test.full_table.tsv:md5,d41d8cd98f00b204e9800998ecf8427e",
                            "test.missing_busco_list.tsv:md5,d41d8cd98f00b204e9800998ecf8427e",
                            "test.multi_copy_busco_sequences.tar.gz:md5,1276481102f218c981e0324180bafd9f",
                            "test.short_summary.json:md5,d41d8cd98f00b204e9800998ecf8427e",
                            "test.short_summary.tsv:md5,d41d8cd98f00b204e9800998ecf8427e",
                            "test.short_summary.txt:md5,d41d8cd98f00b204e9800998ecf8427e",
                            "test.single_copy_busco_sequences.tar.gz:md5,1276481102f218c981e0324180bafd9f"
                        ]
                    ]
                ],
                "1": [
                    [
                        "RESTRUCTUREBUSCODIR",
                        "restructurebuscodir",
                        "1.0"
                    ]
                ],
                "clean_busco_dir": [
                    [
                        {
                            "id": "test"
                        },
                        [
                            "test.fragmented_busco_sequences.tar.gz:md5,1276481102f218c981e0324180bafd9f",
                            "test.full_table.tsv:md5,d41d8cd98f00b204e9800998ecf8427e",
                            "test.missing_busco_list.tsv:md5,d41d8cd98f00b204e9800998ecf8427e",
                            "test.multi_copy_busco_sequences.tar.gz:md5,1276481102f218c981e0324180bafd9f",
                            "test.short_summary.json:md5,d41d8cd98f00b204e9800998ecf8427e",
                            "test.short_summary.tsv:md5,d41d8cd98f00b204e9800998ecf8427e",
                            "test.short_summary.txt:md5,d41d8cd98f00b204e9800998ecf8427e",
                            "test.single_copy_busco_sequences.tar.gz:md5,1276481102f218c981e0324180bafd9f"
                        ]
                    ]
                ],
                "versions_restructurebuscodir": [
                    [
                        "RESTRUCTUREBUSCODIR",
                        "restructurebuscodir",
                        "1.0"
                    ]
                ]
            }
        ],
        "meta": {
            "nf-test": "0.9.3",
            "nextflow": "25.10.2"
        },
        "timestamp": "2026-03-24T23:59:12.834343629"
    },
    "busco dir all sequences": {
        "content": [
            {
                "clean_busco_dir_meta": {
                    "id": "test"
                },
                "clean_busco_dir_md5": [
                    "test.full_table.tsv:md5,0060f1602f1c49c421169eacef3b1b7b",
                    "test.missing_busco_list.tsv:md5,173cbd833bdd85e88a627c89ec285023",
                    "test.short_summary.json:md5,09ca0d2f28d18b9ca51b12a8d87fd038",
                    "test.short_summary.tsv:md5,4a3e39a6e9a5071f8790ce4725f99ce6",
                    "test.short_summary.txt:md5,d21e6b3a676bae91079124c27acf97e4"
                ],
                "clean_busco_dir_lst": [
                    "test.fragmented_busco_sequences.tar.gz",
                    "test.multi_copy_busco_sequences.tar.gz",
                    "test.single_copy_busco_sequences.tar.gz"
                ],
                "versions_restructurebuscodir": [
                    [
                        "RESTRUCTUREBUSCODIR",
                        "restructurebuscodir",
                        "1.0"
                    ]
                ]
            }
        ],
        "meta": {
            "nf-test": "0.9.3",
            "nextflow": "25.10.2"
        },
        "timestamp": "2026-03-24T23:58:55.116927227"
    }
}